{"level":"info","message":"⬅️ Sending back: %X00002/09/26 00:02:03$","timestamp":"2026-09-02 00:02:03.055"}
{"level":"info","message":"⬅️ Sending back: %X00002/09/26 01:02:03$","timestamp":"2026-09-02 01:02:03.155"}
{"level":"info","message":"⬅️ Sending back: %X00002/09/26 02:02:03$","timestamp":"2026-09-02 02:02:03.027"}
{"level":"info","message":"⬅️ Sending back: %X00002/09/26 03:02:02$","timestamp":"2026-09-02 03:02:02.920"}
{"level":"info","message":"⬅️ Sending back: %X00002/09/26 04:02:03$","timestamp":"2026-09-02 04:02:03.661"}
{"level":"info","message":"⬅️ Sending back: %X00002/09/26 05:02:03$","timestamp":"2026-09-02 05:02:03.375"}
{"level":"info","message":"⬅️ Sending back: %X00002/09/26 06:02:02$","timestamp":"2026-09-02 06:02:02.602"}
{"level":"info","message":"⬅️ Sending back: %X00002/09/26 07:02:02$","timestamp":"2026-09-02 07:02:02.418"}
{"level":"info","message":"⬅️ Sending back: %X00002/09/26 08:02:02$","timestamp":"2026-09-02 08:02:02.182"}
{"level":"info","message":"⬅️ Sending back: %X00002/09/26 09:02:01$","timestamp":"2026-09-02 09:02:01.970"}
{"level":"info","message":"⬅️ Sending back: %X00002/09/26 10:02:02$","timestamp":"2026-09-02 10:02:02.785"}
{"level":"info","message":"New TCP Connection from","timestamp":"2026-09-02 10:48:26.512"}
{"level":"info","message":"New TCP Connection from","timestamp":"2026-09-02 10:48:39.545"}
{"level":"info","message":"⬅️ Sending back: %X00002/09/26 11:02:02$","timestamp":"2026-09-02 11:02:02.742"}
{"level":"info","message":"⬅️ Sending back: %X00002/09/26 12:02:03$","timestamp":"2026-09-02 12:02:03.747"}
{"level":"info","message":"⬅️ Sending back: %X00002/09/26 13:02:02$","timestamp":"2026-09-02 13:02:02.966"}
{"level":"info","message":"⬅️ Sending back: %X00002/09/26 14:02:04$","timestamp":"2026-09-02 14:02:04.434"}
{"level":"info","message":"⬅️ Sending back: %X00002/09/26 15:02:04$","timestamp":"2026-09-02 15:02:04.576"}
{"level":"info","message":"⬅️ Sending back: %X00002/09/26 16:02:06$","timestamp":"2026-09-02 16:02:06.631"}
{"level":"info","message":"New TCP Connection from","timestamp":"2026-09-02 16:07:11.612"}
{"level":"info","message":"⬅️ Sending back: %X00002/09/26 16:07:13$","timestamp":"2026-09-02 16:07:13.729"}
{"level":"info","message":"⬅️ Sending back: %X00002/09/26 16:07:57$","timestamp":"2026-09-02 16:07:57.544"}
{"level":"info","message":"⬅️ Sending back: %X00002/09/26 17:01:54$","timestamp":"2026-09-02 17:01:54.345"}
{"level":"info","message":"EMS Logger initialized","timestamp":"2026-09-02 17:03:17.358"}
{"level":"info","message":"TCP server listening on port 4000","timestamp":"2026-09-02 17:03:17.387"}
{"level":"info","message":"HTTP server running on port 5000","timestamp":"2026-09-02 17:03:17.387"}
{"level":"info","message":"MongoDB connected","timestamp":"2026-09-02 17:03:17.400"}
{"level":"info","message":"📦 Device cache loaded: 1 devices","timestamp":"2026-09-02 17:03:17.412"}
{"level":"info","message":"New TCP Connection from","timestamp":"2026-09-02 17:03:17.942"}
{"level":"info","message":"New TCP Connection from","timestamp":"2026-09-02 17:19:44.771"}
{"level":"info","message":"⬅️ Sending back: %X00002/09/26 17:19:47$","timestamp":"2026-09-02 17:19:47.802"}
{"level":"info","message":"⬅️ Sending back: %X00002/09/26 17:20:35$","timestamp":"2026-09-02 17:20:35.343"}
{"level":"info","message":"EMS Logger initialized","timestamp":"2026-09-02 17:51:58.538"}
{"level":"info","message":"TCP server listening on port 4000","timestamp":"2026-09-02 17:51:58.566"}
{"level":"info","message":"HTTP server running on port 5000","timestamp":"2026-09-02 17:51:58.567"}
{"level":"info","message":"MongoDB connected","timestamp":"2026-09-02 17:51:58.580"}
{"level":"info","message":"📦 Device cache loaded: 1 devices","timestamp":"2026-09-02 17:51:58.594"}
{"level":"info","message":"New TCP Connection from","timestamp":"2026-09-02 17:51:59.189"}
{"level":"info","message":"New TCP Connection from","timestamp":"2026-09-02 17:57:58.619"}
{"level":"info","message":"⬅️ Sending back: %X00002/09/26 17:58:01$","timestamp":"2026-09-02 17:58:01.654"}
{"level":"info","message":"⬅️ Sending back: %X00002/09/26 17:58:50$","timestamp":"2026-09-02 17:58:50.678"}
{"level":"info","message":"⬅️ Sending back: %X00002/09/26 18:00:05$","timestamp":"2026-09-02 18:00:05.092"}
{"level":"info","message":"EMS Logger initialized","timestamp":"2026-09-02 18:00:24.778"}
{"level":"info","message":"TCP server listening on port 4000","timestamp":"2026-09-02 18:00:24.806"}
{"level":"info","message":"HTTP server running on port 5000","timestamp":"2026-09-02 18:00:24.807"}
{"level":"info","message":"MongoDB connected","timestamp":"2026-09-02 18:00:24.821"}
{"level":"info","message":"📦 Device cache loaded: 1 devices","timestamp":"2026-09-02 18:00:24.835"}
{"level":"info","message":"New TCP Connection from","timestamp":"2026-09-02 18:00:25.126"}
{"level":"info","message":"New TCP Connection from","timestamp":"2026-09-02 18:16:17.472"}
{"level":"info","message":"New TCP Connection from","timestamp":"2026-09-02 18:16:30.414"}
{"level":"info","message":"⬅️ Sending back: %X00002/09/26 18:16:34$","timestamp":"2026-09-02 18:16:34.837"}
